// Jest Snapshot v1, https://goo.gl/fbAQLP

exports[`renders correctly 1`] = `
<div
  className="dashboard__navcontainer"
>
  <div
    className="dashboard__title"
  >
    <h1>
      Makeup
    </h1>
  </div>
  <div
    className="dashboard__menu"
  >
    <span
      id="mtxt"
    >
      brands, lipsticks, nailpolish and much more!!!
    </span>
  </div>
</div>
`;
